// Jest Snapshot v1, https://goo.gl/fbAQLP

exports[`AddIcon machtes snapshot 1`] = `
.c0 {
  display: -webkit-box;
  display: -webkit-flex;
  display: -ms-flexbox;
  display: flex;
  -webkit-align-items: center;
  -webkit-box-align: center;
  -ms-flex-align: center;
  align-items: center;
}

.c1 svg {
  width: 30px;
  height: 30px;
  margin-right: 5px;
  fill: #3149b9;
}

.c1:hover {
  cursor: pointer;
  opacity: 0.8;
}

<div>
  <div
    class="c0 c1"
  >
    <svg
      title="Add Items"
    >
      plus-circle-fill.svg
    </svg>
  </div>
</div>
`;
